// Jest Snapshot v1, https://goo.gl/fbAQLP

exports[`<Login> view should render correctly 1`] = `
<Fragment>
  <h1>
    Login Page
  </h1>
  <button>
    Login
  </button>
</Fragment>
`;
