// Jest Snapshot v1, https://goo.gl/fbAQLP

exports[`<ExpensesSummary /> should render correctly 1`] = `
<h1>
  Viewing 
   
  expense
   totalling 
  $0.03
</h1>
`;
