// Jest Snapshot v1, https://goo.gl/fbAQLP

exports[`should render ExpenseList with empty message 1`] = `
<Fragment>
  <p>
    No expenses
  </p>
</Fragment>
`;

exports[`should render ExpenseList with expenses 1`] = `
<Fragment>
  <ExpenseListItem
    amount={195}
    createAt={0}
    description="Gum"
    id="1"
    key="1"
    note=""
  />
  <ExpenseListItem
    amount={109500}
    createAt={-345600000}
    description="Rent"
    id="2"
    key="2"
    note=""
  />
  <ExpenseListItem
    amount={4500}
    createAt={345600000}
    description="Credit Card"
    id="3"
    key="3"
    note=""
  />
</Fragment>
`;
