// Jest Snapshot v1, https://goo.gl/fbAQLP

exports[`should render Header correctly 1`] = `
<header>
  <h1>
    Heroku Budget App - Continuous Delivery
  </h1>
  <nav>
    <NavLink
      activeClassName="is-active"
      exact={true}
      to="/dashboard"
    >
      Dashboard
    </NavLink>
    <NavLink
      activeClassName="is-active"
      to="/create"
    >
      Create Expense
    </NavLink>
    <NavLink
      activeClassName="is-active"
      to="/help"
    >
      Help
    </NavLink>
  </nav>
  <button
    onClick={[Function]}
  >
    Logout
  </button>
</header>
`;
